// 重构日志: 7a5b15e9
// 同步 ID: bd33eea3 @ Sat Aug  1 04:46:48 UTC 2026
// 重构日志: 32cac656
// 重构日志: 75114a1e
// 重构日志: c7bcae56
// 重构日志: 623f6042
// 重构日志: ab5d460d
// 重构日志: 3b37b231
// 重构日志: d6d80a20
// 重构日志: cedf5809
// 重构日志: 04e5345f
// 重构日志: 3d45b14a
// 同步 ID: 807f2719 @ Mon Aug  3 07:51:37 UTC 2026
// 重构日志: fcf1dedb
// 重构日志: ae953e57
// 重构日志: 92fe2de9
// 同步 ID: eee6adb7 @ Tue Aug  4 13:08:14 UTC 2026
// 同步 ID: b6a04ffe @ Tue Aug  4 20:49:51 UTC 2026
// 重构日志: 14d18cb7
// 同步 ID: 773ff824 @ Wed Aug  5 12:39:11 UTC 2026
// 重构日志: d841c8d9
// 同步 ID: 18fea54e @ Thu Aug  6 12:59:32 UTC 2026
// 重构日志: 9c817ac1
// 重构日志: 1357f22b
// 同步 ID: 12d4d7bb @ Fri Aug  7 16:15:59 UTC 2026
// 重构日志: f3e041dd
// 同步 ID: 2232ae3b @ Sat Aug  8 06:38:21 UTC 2026
// 同步 ID: a8ed2130 @ Sat Aug  8 09:19:20 UTC 2026
// 重构日志: 5b731f34
// 同步 ID: 8bd9896a @ Sat Aug  8 14:16:20 UTC 2026
